Archive member included to satisfy reference by file (symbol)

c:/stm32/gnu tools arm embedded/5.4 2016q3/bin/../lib/gcc/arm-none-eabi/5.4.1/../../../../arm-none-eabi/lib/armv7e-m/fpu\libc.a(lib_a-errno.o)
                              ./src/syscalls.o (__errno)
c:/stm32/gnu tools arm embedded/5.4 2016q3/bin/../lib/gcc/arm-none-eabi/5.4.1/../../../../arm-none-eabi/lib/armv7e-m/fpu\libc.a(lib_a-exit.o)
                              c:/stm32/gnu tools arm embedded/5.4 2016q3/bin/../lib/gcc/arm-none-eabi/5.4.1/../../../../arm-none-eabi/lib/armv7e-m/fpu/crt0.o (exit)
c:/stm32/gnu tools arm embedded/5.4 2016q3/bin/../lib/gcc/arm-none-eabi/5.4.1/../../../../arm-none-eabi/lib/armv7e-m/fpu\libc.a(lib_a-impure.o)
                              c:/stm32/gnu tools arm embedded/5.4 2016q3/bin/../lib/gcc/arm-none-eabi/5.4.1/../../../../arm-none-eabi/lib/armv7e-m/fpu\libc.a(lib_a-exit.o) (_global_impure_ptr)
c:/stm32/gnu tools arm embedded/5.4 2016q3/bin/../lib/gcc/arm-none-eabi/5.4.1/../../../../arm-none-eabi/lib/armv7e-m/fpu\libc.a(lib_a-init.o)
                              c:/stm32/gnu tools arm embedded/5.4 2016q3/bin/../lib/gcc/arm-none-eabi/5.4.1/../../../../arm-none-eabi/lib/armv7e-m/fpu/crt0.o (__libc_init_array)
c:/stm32/gnu tools arm embedded/5.4 2016q3/bin/../lib/gcc/arm-none-eabi/5.4.1/../../../../arm-none-eabi/lib/armv7e-m/fpu\libc.a(lib_a-memcpy.o)
                              ./FreeRTOS/queue.o (memcpy)
c:/stm32/gnu tools arm embedded/5.4 2016q3/bin/../lib/gcc/arm-none-eabi/5.4.1/../../../../arm-none-eabi/lib/armv7e-m/fpu\libc.a(lib_a-memset.o)
                              c:/stm32/gnu tools arm embedded/5.4 2016q3/bin/../lib/gcc/arm-none-eabi/5.4.1/../../../../arm-none-eabi/lib/armv7e-m/fpu/crt0.o (memset)
c:/stm32/gnu tools arm embedded/5.4 2016q3/bin/../lib/gcc/arm-none-eabi/5.4.1/../../../../arm-none-eabi/lib/armv7e-m/fpu\libc.a(lib_a-__call_atexit.o)
                              c:/stm32/gnu tools arm embedded/5.4 2016q3/bin/../lib/gcc/arm-none-eabi/5.4.1/../../../../arm-none-eabi/lib/armv7e-m/fpu\libc.a(lib_a-exit.o) (__call_exitprocs)
c:/stm32/gnu tools arm embedded/5.4 2016q3/bin/../lib/gcc/arm-none-eabi/5.4.1/../../../../arm-none-eabi/lib/armv7e-m/fpu\libc.a(lib_a-atexit.o)
                              c:/stm32/gnu tools arm embedded/5.4 2016q3/bin/../lib/gcc/arm-none-eabi/5.4.1/../../../../arm-none-eabi/lib/armv7e-m/fpu\libc.a(lib_a-__call_atexit.o) (atexit)
c:/stm32/gnu tools arm embedded/5.4 2016q3/bin/../lib/gcc/arm-none-eabi/5.4.1/../../../../arm-none-eabi/lib/armv7e-m/fpu\libc.a(lib_a-fini.o)
                              c:/stm32/gnu tools arm embedded/5.4 2016q3/bin/../lib/gcc/arm-none-eabi/5.4.1/../../../../arm-none-eabi/lib/armv7e-m/fpu\libc.a(lib_a-__call_atexit.o) (__libc_fini_array)
c:/stm32/gnu tools arm embedded/5.4 2016q3/bin/../lib/gcc/arm-none-eabi/5.4.1/../../../../arm-none-eabi/lib/armv7e-m/fpu\libc.a(lib_a-__atexit.o)
                              c:/stm32/gnu tools arm embedded/5.4 2016q3/bin/../lib/gcc/arm-none-eabi/5.4.1/../../../../arm-none-eabi/lib/armv7e-m/fpu\libc.a(lib_a-atexit.o) (__register_exitproc)

Allocating common symbols
Common symbol       size              file

sEEDMA_InitStructure
                    0x3c              ./STM32F429I-Discovery/stm32f429i_discovery.o
sEEDataWritePointer
                    0x4               ./STM32F429I-Discovery/stm32f429i_discovery_i2c_ee.o
xQueueRegistry      0x40              ./FreeRTOS/queue.o
sEEDataNum          0x1               ./STM32F429I-Discovery/stm32f429i_discovery_i2c_ee.o
sEEDataReadPointer  0x4               ./STM32F429I-Discovery/stm32f429i_discovery_i2c_ee.o
TP_State            0x8               ./STM32F429I-Discovery/stm32f429i_discovery_ioe.o
NVIC_InitStructure  0x4               ./STM32F429I-Discovery/stm32f429i_discovery.o

Discarded input sections

 .text          0x00000000        0x0 c:/stm32/gnu tools arm embedded/5.4 2016q3/bin/../lib/gcc/arm-none-eabi/5.4.1/armv7e-m/fpu/crti.o
 .data          0x00000000        0x0 c:/stm32/gnu tools arm embedded/5.4 2016q3/bin/../lib/gcc/arm-none-eabi/5.4.1/armv7e-m/fpu/crti.o
 .bss           0x00000000        0x0 c:/stm32/gnu tools arm embedded/5.4 2016q3/bin/../lib/gcc/arm-none-eabi/5.4.1/armv7e-m/fpu/crti.o
 .data          0x00000000        0x4 c:/stm32/gnu tools arm embedded/5.4 2016q3/bin/../lib/gcc/arm-none-eabi/5.4.1/armv7e-m/fpu/crtbegin.o
 .text          0x00000000       0x74 c:/stm32/gnu tools arm embedded/5.4 2016q3/bin/../lib/gcc/arm-none-eabi/5.4.1/../../../../arm-none-eabi/lib/armv7e-m/fpu/crt0.o
 .data          0x00000000        0x0 c:/stm32/gnu tools arm embedded/5.4 2016q3/bin/../lib/gcc/arm-none-eabi/5.4.1/../../../../arm-none-eabi/lib/armv7e-m/fpu/crt0.o
 .bss           0x00000000        0x0 c:/stm32/gnu tools arm embedded/5.4 2016q3/bin/../lib/gcc/arm-none-eabi/5.4.1/../../../../arm-none-eabi/lib/armv7e-m/fpu/crt0.o
[...]
Memory Configuration

Name             Origin             Length             Attributes
FLASH            0x08000000         0x00200000         xr
RAM              0x20000000         0x00030000         xrw
MEMORY_B1        0x60000000         0x00000000         xr
CCMRAM           0x10000000         0x00010000         rw
*default*        0x00000000         0xffffffff

Linker script and memory map

LOAD c:/stm32/gnu tools arm embedded/5.4 2016q3/bin/../lib/gcc/arm-none-eabi/5.4.1/armv7e-m/fpu/crti.o
LOAD c:/stm32/gnu tools arm embedded/5.4 2016q3/bin/../lib/gcc/arm-none-eabi/5.4.1/armv7e-m/fpu/crtbegin.o
LOAD c:/stm32/gnu tools arm embedded/5.4 2016q3/bin/../lib/gcc/arm-none-eabi/5.4.1/../../../../arm-none-eabi/lib/armv7e-m/fpu/crt0.o
LOAD c:/stm32/gnu tools arm embedded/5.4 2016q3/bin/../lib/gcc/arm-none-eabi/5.4.1/../../../../arm-none-eabi/lib/armv7e-m/fpu\libm.a
LOAD ./startup/startup_stm32f429_439xx.o
LOAD ./src/fonts.o
LOAD ./src/main.o
LOAD ./src/syscalls.o
LOAD ./src/system_stm32f4xx.o
LOAD ./src/tm_stm32f4_disco.o
LOAD ./src/tm_stm32f4_gpio.o
LOAD ./StdPeriph_Driver/src/misc.o
LOAD ./StdPeriph_Driver/src/stm32f4xx_adc.o
LOAD ./StdPeriph_Driver/src/stm32f4xx_can.o
LOAD ./StdPeriph_Driver/src/stm32f4xx_cec.o
LOAD ./StdPeriph_Driver/src/stm32f4xx_crc.o
LOAD ./StdPeriph_Driver/src/stm32f4xx_cryp.o
LOAD ./StdPeriph_Driver/src/stm32f4xx_cryp_aes.o
LOAD ./StdPeriph_Driver/src/stm32f4xx_cryp_des.o
LOAD ./StdPeriph_Driver/src/stm32f4xx_cryp_tdes.o
LOAD ./StdPeriph_Driver/src/stm32f4xx_dac.o
LOAD ./StdPeriph_Driver/src/stm32f4xx_dbgmcu.o
LOAD ./StdPeriph_Driver/src/stm32f4xx_dcmi.o
LOAD ./StdPeriph_Driver/src/stm32f4xx_dma.o
LOAD ./StdPeriph_Driver/src/stm32f4xx_dma2d.o
LOAD ./StdPeriph_Driver/src/stm32f4xx_dsi.o
LOAD ./StdPeriph_Driver/src/stm32f4xx_exti.o
LOAD ./StdPeriph_Driver/src/stm32f4xx_flash.o
LOAD ./StdPeriph_Driver/src/stm32f4xx_flash_ramfunc.o
LOAD ./StdPeriph_Driver/src/stm32f4xx_fmc.o
LOAD ./StdPeriph_Driver/src/stm32f4xx_fmip2c.o
LOAD ./StdPeriph_Driver/src/stm32f4xx_fsmc.o
LOAD ./StdPeriph_Driver/src/stm32f4xx_gpio.o
LOAD ./StdPeriph_Driver/src/stm32f4xx_hash.o
LOAD ./StdPeriph_Driver/src/stm32f4xx_hash_md5.o
LOAD ./StdPeriph_Driver/src/stm32f4xx_hash_sha1.o
LOAD ./StdPeriph_Driver/src/stm32f4xx_i2c.o
LOAD ./StdPeriph_Driver/src/stm32f4xx_iwdg.o
LOAD ./StdPeriph_Driver/src/stm32f4xx_lptim.o
LOAD ./StdPeriph_Driver/src/stm32f4xx_ltdc.o
LOAD ./StdPeriph_Driver/src/stm32f4xx_pwr.o
LOAD ./StdPeriph_Driver/src/stm32f4xx_qspi.o
LOAD ./StdPeriph_Driver/src/stm32f4xx_rcc.o
LOAD ./StdPeriph_Driver/src/stm32f4xx_rng.o
LOAD ./StdPeriph_Driver/src/stm32f4xx_rtc.o
LOAD ./StdPeriph_Driver/src/stm32f4xx_sai.o
LOAD ./StdPeriph_Driver/src/stm32f4xx_sdio.o
LOAD ./StdPeriph_Driver/src/stm32f4xx_spdifrx.o
LOAD ./StdPeriph_Driver/src/stm32f4xx_spi.o
LOAD ./StdPeriph_Driver/src/stm32f4xx_syscfg.o
LOAD ./StdPeriph_Driver/src/stm32f4xx_tim.o
LOAD ./StdPeriph_Driver/src/stm32f4xx_usart.o
LOAD ./StdPeriph_Driver/src/stm32f4xx_wwdg.o
LOAD ./STM32F429I-Discovery/stm32f429i_discovery.o
LOAD ./STM32F429I-Discovery/stm32f429i_discovery_i2c_ee.o
LOAD ./STM32F429I-Discovery/stm32f429i_discovery_ioe.o
LOAD ./STM32F429I-Discovery/stm32f429i_discovery_l3gd20.o
LOAD ./STM32F429I-Discovery/stm32f429i_discovery_lcd.o
LOAD ./STM32F429I-Discovery/stm32f429i_discovery_sdram.o
LOAD ./FreeRTOS/portable/MemMang/heap_2.o
LOAD ./FreeRTOS/portable/GCC/ARM_CM4F/port.o
LOAD ./FreeRTOS/croutine.o
LOAD ./FreeRTOS/event_groups.o
LOAD ./FreeRTOS/list.o
LOAD ./FreeRTOS/queue.o
LOAD ./FreeRTOS/tasks.o
LOAD ./FreeRTOS/timers.o
START GROUP
LOAD c:/stm32/gnu tools arm embedded/5.4 2016q3/bin/../lib/gcc/arm-none-eabi/5.4.1/armv7e-m/fpu\libgcc.a
LOAD c:/stm32/gnu tools arm embedded/5.4 2016q3/bin/../lib/gcc/arm-none-eabi/5.4.1/../../../../arm-none-eabi/lib/armv7e-m/fpu\libc.a
END GROUP
LOAD c:/stm32/gnu tools arm embedded/5.4 2016q3/bin/../lib/gcc/arm-none-eabi/5.4.1/armv7e-m/fpu/crtend.o
LOAD c:/stm32/gnu tools arm embedded/5.4 2016q3/bin/../lib/gcc/arm-none-eabi/5.4.1/armv7e-m/fpu/crtn.o
                0x20030000                _estack = 0x20030000
                0x00000000                _Min_Heap_Size = 0x0
                0x00000400                _Min_Stack_Size = 0x400

.isr_vector     0x08000000      0x1ac
                0x08000000                . = ALIGN (0x4)
 *(.isr_vector)
 .isr_vector    0x08000000      0x1ac ./startup/startup_stm32f429_439xx.o
                0x08000000                g_pfnVectors
                0x080001ac                . = ALIGN (0x4)

.text           0x080001b0     0x3434
                0x080001b0                . = ALIGN (0x4)
 *(.text)
 .text          0x080001b0       0x5c c:/stm32/gnu tools arm embedded/5.4 2016q3/bin/../lib/gcc/arm-none-eabi/5.4.1/armv7e-m/fpu/crtbegin.o
 .text          0x0800020c      0x134 c:/stm32/gnu tools arm embedded/5.4 2016q3/bin/../lib/gcc/arm-none-eabi/5.4.1/../../../../arm-none-eabi/lib/armv7e-m/fpu\libc.a(lib_a-memcpy.o)
                0x0800020c                memcpy
 *(.text*)
 .text.Reset_Handler
                0x08000340       0x44 ./startup/startup_stm32f429_439xx.o
                0x08000340                Reset_Handler
 .text.Default_Handler
                0x08000384        0x2 ./startup/startup_stm32f429_439xx.o
                0x08000384                RTC_Alarm_IRQHandler
                0x08000384                HASH_RNG_IRQHandler
                0x08000384                EXTI2_IRQHandler
                0x08000384                TIM8_CC_IRQHandler
                0x08000384                DebugMon_Handler
                0x08000384                UART8_IRQHandler
                0x08000384                SPI4_IRQHandler
                0x08000384                TIM1_CC_IRQHandler
                0x08000384                DMA2_Stream5_IRQHandler
                0x08000384                DMA1_Stream5_IRQHandler
                0x08000384                PVD_IRQHandler
                0x08000384                SDIO_IRQHandler
                0x08000384                TAMP_STAMP_IRQHandler
                0x08000384                NMI_Handler
                0x08000384                CAN2_RX1_IRQHandler
                0x08000384                EXTI3_IRQHandler
                0x08000384                TIM8_TRG_COM_TIM14_IRQHandler
                0x08000384                TIM1_UP_TIM10_IRQHandler
                0x08000384                TIM8_UP_TIM13_IRQHandler
                0x08000384                I2C3_ER_IRQHandler
                0x08000384                I2C2_EV_IRQHandler
                0x08000384                CAN1_RX0_IRQHandler
                0x08000384                FPU_IRQHandler
                0x08000384                OTG_HS_WKUP_IRQHandler
                0x08000384                UsageFault_Handler
                0x08000384                LTDC_ER_IRQHandler
                0x08000384                CAN2_SCE_IRQHandler
                0x08000384                DMA2_Stream2_IRQHandler
                0x08000384                SPI1_IRQHandler
                0x08000384                TIM6_DAC_IRQHandler
                0x08000384                TIM1_BRK_TIM9_IRQHandler
                0x08000384                DCMI_IRQHandler
                0x08000384                CAN2_RX0_IRQHandler
                0x08000384                DMA2_Stream3_IRQHandler
                0x08000384                USART6_IRQHandler
                0x08000384                USART3_IRQHandler
                0x08000384                CRYP_IRQHandler
                0x08000384                CAN1_RX1_IRQHandler
                0x08000384                UART5_IRQHandler
                0x08000384                DMA2_Stream0_IRQHandler
                0x08000384                TIM4_IRQHandler
                0x08000384                I2C1_EV_IRQHandler
                0x08000384                DMA1_Stream6_IRQHandler
                0x08000384                DMA1_Stream1_IRQHandler
                0x08000384                UART4_IRQHandler
                0x08000384                TIM3_IRQHandler
                0x08000384                RCC_IRQHandler
                0x08000384                TIM8_BRK_TIM12_IRQHandler
                0x08000384                Default_Handler
                0x08000384                EXTI15_10_IRQHandler
                0x08000384                ADC_IRQHandler
                0x08000384                DMA1_Stream7_IRQHandler
                0x08000384                SPI5_IRQHandler
                0x08000384                TIM7_IRQHandler
                0x08000384                CAN2_TX_IRQHandler
                0x08000384                TIM5_IRQHandler
                0x08000384                DMA2_Stream7_IRQHandler
                0x08000384                I2C3_EV_IRQHandler
                0x08000384                EXTI9_5_IRQHandler
                0x08000384                RTC_WKUP_IRQHandler
                0x08000384                LTDC_IRQHandler
                0x08000384                ETH_WKUP_IRQHandler
                0x08000384                SPI2_IRQHandler
                0x08000384                OTG_HS_EP1_IN_IRQHandler
                0x08000384                MemManage_Handler
                0x08000384                DMA1_Stream0_IRQHandler
                0x08000384                CAN1_TX_IRQHandler
                0x08000384                EXTI4_IRQHandler
                0x08000384                FSMC_IRQHandler
                0x08000384                ETH_IRQHandler
                0x08000384                OTG_HS_EP1_OUT_IRQHandler
                0x08000384                WWDG_IRQHandler
                0x08000384                SPI6_IRQHandler
                0x08000384                TIM2_IRQHandler
                0x08000384                OTG_FS_WKUP_IRQHandler
                0x08000384                TIM1_TRG_COM_TIM11_IRQHandler
                0x08000384                OTG_HS_IRQHandler
                0x08000384                DMA2D_IRQHandler
                0x08000384                EXTI1_IRQHandler
                0x08000384                UART7_IRQHandler
                0x08000384                USART2_IRQHandler
                0x08000384                I2C2_ER_IRQHandler
                0x08000384                DMA2_Stream1_IRQHandler
                0x08000384                CAN1_SCE_IRQHandler
                0x08000384                FLASH_IRQHandler
                0x08000384                DMA2_Stream4_IRQHandler
                0x08000384                BusFault_Handler
                0x08000384                USART1_IRQHandler
                0x08000384                OTG_FS_IRQHandler
                0x08000384                SPI3_IRQHandler
                0x08000384                I2C1_ER_IRQHandler
                0x08000384                DMA2_Stream6_IRQHandler
                0x08000384                SAI1_IRQHandler
                0x08000384                DMA1_Stream3_IRQHandler
 *fill*         0x08000386        0x2 
 .text.main     0x08000388       0x18 ./src/main.o
                0x08000388                main
 .text.vHardwareSetup
                0x080003a0       0x18 ./src/main.o
 .text.HardFault_Handler
                0x080003b8        0x8 ./src/main.o
                0x080003b8                HardFault_Handler
 .text.vhButton_Init
                0x080003c0       0x88 ./src/main.o
 .text.vhLed_Init
                0x08000448       0x3c ./src/main.o
 .text.EXTI0_IRQHandler
                0x08000484       0x44 ./src/main.o
                0x08000484                EXTI0_IRQHandler
 .text.vStartLEDTasks
                0x080004c8       0x28 ./src/main.o
 .text.vTaskLED1
                0x080004f0       0x24 ./src/main.o
 .text.vhToggleLED1
                0x08000514       0x18 ./src/main.o
 .text.vhToggleLED2
                0x0800052c       0x18 ./src/main.o
 .text.SystemInit
                0x08000544       0x6c ./src/system_stm32f4xx.o
                0x08000544                SystemInit
 .text.SystemCoreClockUpdate
                0x080005b0       0xfc ./src/system_stm32f4xx.o
                0x080005b0                SystemCoreClockUpdate
 .text.SetSysClock
                0x080006ac      0x12c ./src/system_stm32f4xx.o
 .text.NVIC_PriorityGroupConfig
                0x080007d8       0x28 ./StdPeriph_Driver/src/misc.o
                0x080007d8                NVIC_PriorityGroupConfig
 .text.NVIC_Init
                0x08000800       0xc4 ./StdPeriph_Driver/src/misc.o
                0x08000800                NVIC_Init
 .text.DMA_Cmd  0x080008c4       0x38 ./StdPeriph_Driver/src/stm32f4xx_dma.o
                0x080008c4                DMA_Cmd
 .text.DMA_GetFlagStatus
                0x080008fc       0x78 ./StdPeriph_Driver/src/stm32f4xx_dma.o
                0x080008fc                DMA_GetFlagStatus
 .text.DMA_ClearFlag
                0x08000974       0x5c ./StdPeriph_Driver/src/stm32f4xx_dma.o
                0x08000974                DMA_ClearFlag
 .text.EXTI_Init
                0x080009d0       0xe4 ./StdPeriph_Driver/src/stm32f4xx_exti.o
                0x080009d0                EXTI_Init
 .text.EXTI_GetITStatus
                0x08000ab4       0x34 ./StdPeriph_Driver/src/stm32f4xx_exti.o
                0x08000ab4                EXTI_GetITStatus
 .text.EXTI_ClearITPendingBit
                0x08000ae8       0x20 ./StdPeriph_Driver/src/stm32f4xx_exti.o
                0x08000ae8                EXTI_ClearITPendingBit
 .text.GPIO_Init
                0x08000b08      0x11c ./StdPeriph_Driver/src/stm32f4xx_gpio.o
                0x08000b08                GPIO_Init
 .text.GPIO_ToggleBits
                0x08000c24       0x24 ./StdPeriph_Driver/src/stm32f4xx_gpio.o
                0x08000c24                GPIO_ToggleBits
 .text.I2C_GenerateSTOP
                0x08000c48       0x40 ./StdPeriph_Driver/src/stm32f4xx_i2c.o
                0x08000c48                I2C_GenerateSTOP
 .text.I2C_GetFlagStatus
                0x08000c88       0x68 ./StdPeriph_Driver/src/stm32f4xx_i2c.o
                0x08000c88                I2C_GetFlagStatus
 .text.RCC_AHB1PeriphClockCmd
                0x08000cf0       0x40 ./StdPeriph_Driver/src/stm32f4xx_rcc.o
                0x08000cf0                RCC_AHB1PeriphClockCmd
 .text.RCC_APB2PeriphClockCmd
                0x08000d30       0x40 ./StdPeriph_Driver/src/stm32f4xx_rcc.o
                0x08000d30                RCC_APB2PeriphClockCmd
 .text.SYSCFG_EXTILineConfig
                0x08000d70       0x84 ./StdPeriph_Driver/src/stm32f4xx_syscfg.o
                0x08000d70                SYSCFG_EXTILineConfig
 .text.DMA1_Stream4_IRQHandler
                0x08000df4       0x78 ./STM32F429I-Discovery/stm32f429i_discovery_i2c_ee.o
                0x08000df4                DMA1_Stream4_IRQHandler
 .text.DMA1_Stream2_IRQHandler
                0x08000e6c       0x48 ./STM32F429I-Discovery/stm32f429i_discovery_i2c_ee.o
                0x08000e6c                DMA1_Stream2_IRQHandler
 .text.sEE_TIMEOUT_UserCallback
                0x08000eb4        0x8 ./STM32F429I-Discovery/stm32f429i_discovery_i2c_ee.o
                0x08000eb4                sEE_TIMEOUT_UserCallback
 .text.pvPortMalloc
                0x08000ebc      0x11c ./FreeRTOS/portable/MemMang/heap_2.o
                0x08000ebc                pvPortMalloc
 .text.vPortFree
                0x08000fd8       0x74 ./FreeRTOS/portable/MemMang/heap_2.o
                0x08000fd8                vPortFree
 .text.prvHeapInit
                0x0800104c       0x54 ./FreeRTOS/portable/MemMang/heap_2.o
 .text.pxPortInitialiseStack
                0x080010a0       0x68 ./FreeRTOS/portable/GCC/ARM_CM4F/port.o
                0x080010a0                pxPortInitialiseStack
 .text.prvTaskExitError
                0x08001108       0x3c ./FreeRTOS/portable/GCC/ARM_CM4F/port.o
 *fill*         0x08001144        0xc 
 .text.SVC_Handler
                0x08001150       0x28 ./FreeRTOS/portable/GCC/ARM_CM4F/port.o
                0x08001150                SVC_Handler
 .text.prvPortStartFirstTask
                0x08001178       0x20 ./FreeRTOS/portable/GCC/ARM_CM4F/port.o
 .text.xPortStartScheduler
                0x08001198      0x118 ./FreeRTOS/portable/GCC/ARM_CM4F/port.o
                0x08001198                xPortStartScheduler
 .text.vPortEnterCritical
                0x080012b0       0x5c ./FreeRTOS/portable/GCC/ARM_CM4F/port.o
                0x080012b0                vPortEnterCritical
 .text.vPortExitCritical
                0x0800130c       0x50 ./FreeRTOS/portable/GCC/ARM_CM4F/port.o
                0x0800130c                vPortExitCritical
 *fill*         0x0800135c        0x4 
 .text.PendSV_Handler
                0x08001360       0x68 ./FreeRTOS/portable/GCC/ARM_CM4F/port.o
                0x08001360                PendSV_Handler
 .text.SysTick_Handler
                0x080013c8       0x40 ./FreeRTOS/portable/GCC/ARM_CM4F/port.o
                0x080013c8                SysTick_Handler
 .text.vPortSetupTimerInterrupt
                0x08001408       0x38 ./FreeRTOS/portable/GCC/ARM_CM4F/port.o
                0x08001408                vPortSetupTimerInterrupt
 .text.vPortEnableVFP
                0x08001440       0x14 ./FreeRTOS/portable/GCC/ARM_CM4F/port.o
 .text.vPortValidateInterruptPriority
                0x08001454       0x7c ./FreeRTOS/portable/GCC/ARM_CM4F/port.o
                0x08001454                vPortValidateInterruptPriority
 .text.vListInitialise
                0x080014d0       0x40 ./FreeRTOS/list.o
                0x080014d0                vListInitialise
 .text.vListInitialiseItem
                0x08001510       0x1c ./FreeRTOS/list.o
                0x08001510                vListInitialiseItem
 .text.vListInsertEnd
                0x0800152c       0x48 ./FreeRTOS/list.o
                0x0800152c                vListInsertEnd
 .text.vListInsert
                0x08001574       0x74 ./FreeRTOS/list.o
                0x08001574                vListInsert
 .text.uxListRemove
                0x080015e8       0x54 ./FreeRTOS/list.o
                0x080015e8                uxListRemove
 .text.xQueueGenericReset
                0x0800163c       0xd0 ./FreeRTOS/queue.o
                0x0800163c                xQueueGenericReset
 .text.xQueueGenericCreate
                0x0800170c       0x74 ./FreeRTOS/queue.o
                0x0800170c                xQueueGenericCreate
 .text.prvInitialiseNewQueue
                0x08001780       0x48 ./FreeRTOS/queue.o
 .text.xQueueGenericSend
                0x080017c8      0x1f4 ./FreeRTOS/queue.o
                0x080017c8                xQueueGenericSend
 .text.xQueueGenericSendFromISR
                0x080019bc      0x128 ./FreeRTOS/queue.o
                0x080019bc                xQueueGenericSendFromISR
 .text.xQueueGenericReceive
                0x08001ae4      0x224 ./FreeRTOS/queue.o
                0x08001ae4                xQueueGenericReceive
 .text.prvCopyDataToQueue
                0x08001d08       0xd4 ./FreeRTOS/queue.o
 .text.prvCopyDataFromQueue
                0x08001ddc       0x4c ./FreeRTOS/queue.o
 .text.prvUnlockQueue
                0x08001e28       0xa4 ./FreeRTOS/queue.o
 .text.prvIsQueueEmpty
                0x08001ecc       0x2c ./FreeRTOS/queue.o
 .text.prvIsQueueFull
                0x08001ef8       0x30 ./FreeRTOS/queue.o
 .text.vQueueAddToRegistry
                0x08001f28       0x50 ./FreeRTOS/queue.o
                0x08001f28                vQueueAddToRegistry
 .text.vQueueWaitForMessageRestricted
                0x08001f78       0x68 ./FreeRTOS/queue.o
                0x08001f78                vQueueWaitForMessageRestricted
 .text.xTaskCreate
                0x08001fe0       0x84 ./FreeRTOS/tasks.o
                0x08001fe0                xTaskCreate
 .text.prvInitialiseNewTask
                0x08002064      0x10c ./FreeRTOS/tasks.o
 .text.prvAddNewTaskToReadyList
                0x08002170       0xdc ./FreeRTOS/tasks.o
 .text.vTaskDelayUntil
                0x0800224c       0xf4 ./FreeRTOS/tasks.o
                0x0800224c                vTaskDelayUntil
 .text.vTaskStartScheduler
                0x08002340       0x98 ./FreeRTOS/tasks.o
                0x08002340                vTaskStartScheduler
 .text.vTaskSuspendAll
                0x080023d8       0x1c ./FreeRTOS/tasks.o
                0x080023d8                vTaskSuspendAll
 .text.xTaskResumeAll
                0x080023f4      0x138 ./FreeRTOS/tasks.o
                0x080023f4                xTaskResumeAll
 .text.xTaskGetTickCount
                0x0800252c       0x20 ./FreeRTOS/tasks.o
                0x0800252c                xTaskGetTickCount
 .text.xTaskIncrementTick
                0x0800254c      0x178 ./FreeRTOS/tasks.o
                0x0800254c                xTaskIncrementTick
 .text.vTaskSwitchContext
                0x080026c4       0xb4 ./FreeRTOS/tasks.o
                0x080026c4                vTaskSwitchContext
 .text.vTaskPlaceOnEventList
                0x08002778       0x48 ./FreeRTOS/tasks.o
                0x08002778                vTaskPlaceOnEventList
 .text.vTaskPlaceOnEventListRestricted
                0x080027c0       0x54 ./FreeRTOS/tasks.o
                0x080027c0                vTaskPlaceOnEventListRestricted
 .text.xTaskRemoveFromEventList
                0x08002814       0xc4 ./FreeRTOS/tasks.o
                0x08002814                xTaskRemoveFromEventList
 .text.vTaskSetTimeOutState
                0x080028d8       0x48 ./FreeRTOS/tasks.o
                0x080028d8                vTaskSetTimeOutState
 .text.xTaskCheckForTimeOut
                0x08002920       0xbc ./FreeRTOS/tasks.o
                0x08002920                xTaskCheckForTimeOut
 .text.vTaskMissedYield
                0x080029dc       0x18 ./FreeRTOS/tasks.o
                0x080029dc                vTaskMissedYield
 .text.prvIdleTask
                0x080029f4       0x30 ./FreeRTOS/tasks.o
 .text.prvInitialiseTaskLists
                0x08002a24       0x80 ./FreeRTOS/tasks.o
 .text.prvCheckTasksWaitingTermination
                0x08002aa4       0x78 ./FreeRTOS/tasks.o
 .text.prvDeleteTCB
                0x08002b1c       0x20 ./FreeRTOS/tasks.o
 .text.prvResetNextTaskUnblockTime
                0x08002b3c       0x4c ./FreeRTOS/tasks.o
 .text.xTaskGetSchedulerState
                0x08002b88       0x3c ./FreeRTOS/tasks.o
                0x08002b88                xTaskGetSchedulerState
 .text.vTaskPriorityInherit
                0x08002bc4       0xec ./FreeRTOS/tasks.o
                0x08002bc4                vTaskPriorityInherit
 .text.xTaskPriorityDisinherit
                0x08002cb0      0x108 ./FreeRTOS/tasks.o
                0x08002cb0                xTaskPriorityDisinherit
 .text.pvTaskIncrementMutexHeldCount
                0x08002db8       0x28 ./FreeRTOS/tasks.o
                0x08002db8                pvTaskIncrementMutexHeldCount
 .text.prvAddCurrentTaskToDelayedList
                0x08002de0       0xcc ./FreeRTOS/tasks.o
 .text.xTimerCreateTimerTask
                0x08002eac       0x64 ./FreeRTOS/timers.o
                0x08002eac                xTimerCreateTimerTask
 .text.xTimerGenericCommand
                0x08002f10       0x98 ./FreeRTOS/timers.o
                0x08002f10                xTimerGenericCommand
 .text.prvProcessExpiredTimer
                0x08002fa8       0x80 ./FreeRTOS/timers.o
 .text.prvTimerTask
                0x08003028       0x24 ./FreeRTOS/timers.o
 .text.prvProcessTimerOrBlockTask
                0x0800304c       0x9c ./FreeRTOS/timers.o
 .text.prvGetNextExpireTime
                0x080030e8       0x48 ./FreeRTOS/timers.o
 .text.prvSampleTimeNow
                0x08003130       0x40 ./FreeRTOS/timers.o
 .text.prvInsertTimerInActiveList
                0x08003170       0x84 ./FreeRTOS/timers.o
 .text.prvProcessReceivedCommands
                0x080031f4      0x124 ./FreeRTOS/timers.o
 .text.prvSwitchTimerLists
                0x08003318       0xc0 ./FreeRTOS/timers.o
 .text.prvCheckForValidListAndQueue
                0x080033d8       0x6c ./FreeRTOS/timers.o
 .text.memset   0x08003444       0x9c c:/stm32/gnu tools arm embedded/5.4 2016q3/bin/../lib/gcc/arm-none-eabi/5.4.1/../../../../arm-none-eabi/lib/armv7e-m/fpu\libc.a(lib_a-memset.o)
                0x08003444                memset
 .text.startup.register_fini
                0x080034e0       0x14 c:/stm32/gnu tools arm embedded/5.4 2016q3/bin/../lib/gcc/arm-none-eabi/5.4.1/../../../../arm-none-eabi/lib/armv7e-m/fpu\libc.a(lib_a-__call_atexit.o)
 .text.atexit   0x080034f4        0xc c:/stm32/gnu tools arm embedded/5.4 2016q3/bin/../lib/gcc/arm-none-eabi/5.4.1/../../../../arm-none-eabi/lib/armv7e-m/fpu\libc.a(lib_a-atexit.o)
                0x080034f4                atexit
 .text.__libc_fini_array
                0x08003500       0x28 c:/stm32/gnu tools arm embedded/5.4 2016q3/bin/../lib/gcc/arm-none-eabi/5.4.1/../../../../arm-none-eabi/lib/armv7e-m/fpu\libc.a(lib_a-fini.o)
                0x08003500                __libc_fini_array
 .text.__register_exitproc
                0x08003528       0xa4 c:/stm32/gnu tools arm embedded/5.4 2016q3/bin/../lib/gcc/arm-none-eabi/5.4.1/../../../../arm-none-eabi/lib/armv7e-m/fpu\libc.a(lib_a-__atexit.o)
                0x08003528                __register_exitproc
 *(.glue_7)
 .glue_7        0x080035cc        0x0 linker stubs
 *(.glue_7t)
 .glue_7t       0x080035cc        0x0 linker stubs
 *(.eh_frame)
 .eh_frame      0x080035cc        0x0 c:/stm32/gnu tools arm embedded/5.4 2016q3/bin/../lib/gcc/arm-none-eabi/5.4.1/armv7e-m/fpu/crtbegin.o
 *(.init)
 .init          0x080035cc        0x4 c:/stm32/gnu tools arm embedded/5.4 2016q3/bin/../lib/gcc/arm-none-eabi/5.4.1/armv7e-m/fpu/crti.o
                0x080035cc                _init
 .init          0x080035d0        0x8 c:/stm32/gnu tools arm embedded/5.4 2016q3/bin/../lib/gcc/arm-none-eabi/5.4.1/armv7e-m/fpu/crtn.o
 *(.fini)
 .fini          0x080035d8        0x4 c:/stm32/gnu tools arm embedded/5.4 2016q3/bin/../lib/gcc/arm-none-eabi/5.4.1/armv7e-m/fpu/crti.o
                0x080035d8                _fini
 .fini          0x080035dc        0x8 c:/stm32/gnu tools arm embedded/5.4 2016q3/bin/../lib/gcc/arm-none-eabi/5.4.1/armv7e-m/fpu/crtn.o
                0x080035e4                . = ALIGN (0x4)
                0x080035e4                _etext = .

.vfp11_veneer   0x080035e4        0x0
 .vfp11_veneer  0x080035e4        0x0 linker stubs

.v4_bx          0x080035e4        0x0
 .v4_bx         0x080035e4        0x0 linker stubs

.iplt           0x080035e4        0x0
 .iplt          0x080035e4        0x0 c:/stm32/gnu tools arm embedded/5.4 2016q3/bin/../lib/gcc/arm-none-eabi/5.4.1/armv7e-m/fpu/crtbegin.o

.rodata         0x080035e4       0x24
                0x080035e4                . = ALIGN (0x4)
 *(.rodata)
 .rodata        0x080035e4        0x5 ./src/main.o
 *fill*         0x080035e9        0x3 
 .rodata        0x080035ec        0x5 ./FreeRTOS/tasks.o
 *fill*         0x080035f1        0x3 
 .rodata        0x080035f4        0xd ./FreeRTOS/timers.o
 *(.rodata*)
 *fill*         0x08003601        0x3 
 .rodata._global_impure_ptr
                0x08003604        0x4 c:/stm32/gnu tools arm embedded/5.4 2016q3/bin/../lib/gcc/arm-none-eabi/5.4.1/../../../../arm-none-eabi/lib/armv7e-m/fpu\libc.a(lib_a-impure.o)
                0x08003604                _global_impure_ptr
                0x08003608                . = ALIGN (0x4)

.rel.dyn        0x08003608        0x0
 .rel.iplt      0x08003608        0x0 c:/stm32/gnu tools arm embedded/5.4 2016q3/bin/../lib/gcc/arm-none-eabi/5.4.1/armv7e-m/fpu/crtbegin.o

.ARM.extab
 *(.ARM.extab* .gnu.linkonce.armextab.*)

.ARM            0x08003608        0x0
                0x08003608                __exidx_start = .
 *(.ARM.exidx*)
                0x08003608                __exidx_end = .

.preinit_array  0x08003608        0x0
                0x08003608                PROVIDE (__preinit_array_start, .)
 *(.preinit_array*)
                0x08003608                PROVIDE (__preinit_array_end, .)

.init_array     0x08003608        0x8
                0x08003608                PROVIDE (__init_array_start, .)
 *(SORT(.init_array.*))
 .init_array.00000
                0x08003608        0x4 c:/stm32/gnu tools arm embedded/5.4 2016q3/bin/../lib/gcc/arm-none-eabi/5.4.1/../../../../arm-none-eabi/lib/armv7e-m/fpu\libc.a(lib_a-__call_atexit.o)
 *(.init_array*)
 .init_array    0x0800360c        0x4 c:/stm32/gnu tools arm embedded/5.4 2016q3/bin/../lib/gcc/arm-none-eabi/5.4.1/armv7e-m/fpu/crtbegin.o
                0x08003610                PROVIDE (__init_array_end, .)

.fini_array     0x08003610        0x4
                0x08003610                PROVIDE (__fini_array_start, .)
 *(SORT(.fini_array.*))
 *(.fini_array*)
 .fini_array    0x08003610        0x4 c:/stm32/gnu tools arm embedded/5.4 2016q3/bin/../lib/gcc/arm-none-eabi/5.4.1/armv7e-m/fpu/crtbegin.o
                0x08003614                PROVIDE (__fini_array_end, .)
                0x08003614                _sidata = LOADADDR (.data)

.data           0x20000000      0x448 load address 0x08003614
                0x20000000                . = ALIGN (0x4)
                0x20000000                _sdata = .
 *(.data)
 *(.data*)
 .data.SystemCoreClock
                0x20000000        0x4 ./src/system_stm32f4xx.o
                0x20000000                SystemCoreClock
 .data.AHBPrescTable
                0x20000004       0x10 ./src/system_stm32f4xx.o
                0x20000004                AHBPrescTable
 .data.sEETimeout
                0x20000014        0x4 ./STM32F429I-Discovery/stm32f429i_discovery_i2c_ee.o
                0x20000014                sEETimeout
 .data.xFreeBytesRemaining
                0x20000018        0x4 ./FreeRTOS/portable/MemMang/heap_2.o
 .data.uxCriticalNesting
                0x2000001c        0x4 ./FreeRTOS/portable/GCC/ARM_CM4F/port.o
 .data.impure_data
                0x20000020      0x428 c:/stm32/gnu tools arm embedded/5.4 2016q3/bin/../lib/gcc/arm-none-eabi/5.4.1/../../../../arm-none-eabi/lib/armv7e-m/fpu\libc.a(lib_a-impure.o)
                0x20000448                . = ALIGN (0x4)
                0x20000448                _edata = .
                0x08003a5c                _siccmram = LOADADDR (.ccmram)

.jcr            0x20000448        0x0 load address 0x08003a5c
 .jcr           0x20000448        0x0 c:/stm32/gnu tools arm embedded/5.4 2016q3/bin/../lib/gcc/arm-none-eabi/5.4.1/armv7e-m/fpu/crtbegin.o

.igot.plt       0x20000448        0x0 load address 0x08003a5c
 .igot.plt      0x20000448        0x0 c:/stm32/gnu tools arm embedded/5.4 2016q3/bin/../lib/gcc/arm-none-eabi/5.4.1/armv7e-m/fpu/crtbegin.o

.ccmram         0x10000000        0x0 load address 0x08003a5c
                0x10000000                . = ALIGN (0x4)
                0x10000000                _sccmram = .
 *(.ccmram)
 *(.ccmram*)
                0x10000000                . = ALIGN (0x4)
                0x10000000                _eccmram = .
                0x10000000                . = ALIGN (0x4)

.bss            0x20000448    0x12dc4
                0x20000448                _sbss = .
                0x20000448                __bss_start__ = _sbss
 *(.bss)
 .bss           0x20000448       0x1c c:/stm32/gnu tools arm embedded/5.4 2016q3/bin/../lib/gcc/arm-none-eabi/5.4.1/armv7e-m/fpu/crtbegin.o
 *(.bss*)
 .bss.ucHeap    0x20000464    0x12c00 ./FreeRTOS/portable/MemMang/heap_2.o
 .bss.xStart    0x20013064        0x8 ./FreeRTOS/portable/MemMang/heap_2.o
 .bss.xEnd      0x2001306c        0x8 ./FreeRTOS/portable/MemMang/heap_2.o
 .bss.xHeapHasBeenInitialised.8927
                0x20013074        0x4 ./FreeRTOS/portable/MemMang/heap_2.o
 .bss.ucMaxSysCallPriority
                0x20013078        0x1 ./FreeRTOS/portable/GCC/ARM_CM4F/port.o
 *fill*         0x20013079        0x3 
 .bss.ulMaxPRIGROUPValue
                0x2001307c        0x4 ./FreeRTOS/portable/GCC/ARM_CM4F/port.o
 .bss.pxCurrentTCB
                0x20013080        0x4 ./FreeRTOS/tasks.o
                0x20013080                pxCurrentTCB
 .bss.pxReadyTasksLists
                0x20013084       0x64 ./FreeRTOS/tasks.o
 .bss.xDelayedTaskList1
                0x200130e8       0x14 ./FreeRTOS/tasks.o
 .bss.xDelayedTaskList2
                0x200130fc       0x14 ./FreeRTOS/tasks.o
 .bss.pxDelayedTaskList
                0x20013110        0x4 ./FreeRTOS/tasks.o
 .bss.pxOverflowDelayedTaskList
                0x20013114        0x4 ./FreeRTOS/tasks.o
 .bss.xPendingReadyList
                0x20013118       0x14 ./FreeRTOS/tasks.o
 .bss.xTasksWaitingTermination
                0x2001312c       0x14 ./FreeRTOS/tasks.o
 .bss.uxDeletedTasksWaitingCleanUp
                0x20013140        0x4 ./FreeRTOS/tasks.o
 .bss.xSuspendedTaskList
                0x20013144       0x14 ./FreeRTOS/tasks.o
 .bss.uxCurrentNumberOfTasks
                0x20013158        0x4 ./FreeRTOS/tasks.o
 .bss.xTickCount
                0x2001315c        0x4 ./FreeRTOS/tasks.o
 .bss.uxTopReadyPriority
                0x20013160        0x4 ./FreeRTOS/tasks.o
 .bss.xSchedulerRunning
                0x20013164        0x4 ./FreeRTOS/tasks.o
 .bss.uxPendedTicks
                0x20013168        0x4 ./FreeRTOS/tasks.o
 .bss.xYieldPending
                0x2001316c        0x4 ./FreeRTOS/tasks.o
 .bss.xNumOfOverflows
                0x20013170        0x4 ./FreeRTOS/tasks.o
 .bss.uxTaskNumber
                0x20013174        0x4 ./FreeRTOS/tasks.o
 .bss.xNextTaskUnblockTime
                0x20013178        0x4 ./FreeRTOS/tasks.o
 .bss.xIdleTaskHandle
                0x2001317c        0x4 ./FreeRTOS/tasks.o
 .bss.uxSchedulerSuspended
                0x20013180        0x4 ./FreeRTOS/tasks.o
 .bss.xActiveTimerList1
                0x20013184       0x14 ./FreeRTOS/timers.o
 .bss.xActiveTimerList2
                0x20013198       0x14 ./FreeRTOS/timers.o
 .bss.pxCurrentTimerList
                0x200131ac        0x4 ./FreeRTOS/timers.o
 .bss.pxOverflowTimerList
                0x200131b0        0x4 ./FreeRTOS/timers.o
 .bss.xTimerQueue
                0x200131b4        0x4 ./FreeRTOS/timers.o
 .bss.xTimerTaskHandle
                0x200131b8        0x4 ./FreeRTOS/timers.o
 .bss.xLastTime.9208
                0x200131bc        0x4 ./FreeRTOS/timers.o
 *(COMMON)
 COMMON         0x200131c0        0xc ./STM32F429I-Discovery/stm32f429i_discovery_i2c_ee.o
                0x200131c0                sEEDataWritePointer
                0x200131c4                sEEDataNum
                0x200131c8                sEEDataReadPointer
 COMMON         0x200131cc       0x40 ./FreeRTOS/queue.o
                0x200131cc                xQueueRegistry
                0x2001320c                . = ALIGN (0x4)
                0x2001320c                _ebss = .
                0x2001320c                __bss_end__ = _ebss

._user_heap_stack
                0x2001320c      0x400
                0x2001320c                . = ALIGN (0x4)
                0x2001320c                PROVIDE (end, .)
                [!provide]                PROVIDE (_end, .)
                0x2001320c                . = (. + _Min_Heap_Size)
                0x2001360c                . = (. + _Min_Stack_Size)
 *fill*         0x2001320c      0x400 
                0x2001360c                . = ALIGN (0x4)

.memory_b1_text
 *(.mb1text)
 *(.mb1text*)
 *(.mb1rodata)
 *(.mb1rodata*)

/DISCARD/
 libc.a(*)
 libm.a(*)
 libgcc.a(*)

.ARM.attributes
                0x00000000       0x30
 *(.ARM.attributes)
 .ARM.attributes
                0x00000000       0x22 c:/stm32/gnu tools arm embedded/5.4 2016q3/bin/../lib/gcc/arm-none-eabi/5.4.1/armv7e-m/fpu/crti.o
 .ARM.attributes
                0x00000022       0x34 c:/stm32/gnu tools arm embedded/5.4 2016q3/bin/../lib/gcc/arm-none-eabi/5.4.1/armv7e-m/fpu/crtbegin.o
 .ARM.attributes
                0x00000056       0x25 ./startup/startup_stm32f429_439xx.o
 .ARM.attributes
                0x0000007b       0x39 ./src/main.o
 .ARM.attributes
                0x000000b4       0x39 ./src/system_stm32f4xx.o
 .ARM.attributes
                0x000000ed       0x39 ./StdPeriph_Driver/src/misc.o
 .ARM.attributes
                0x00000126       0x39 ./StdPeriph_Driver/src/stm32f4xx_dma.o
 .ARM.attributes
                0x0000015f       0x39 ./StdPeriph_Driver/src/stm32f4xx_exti.o
 .ARM.attributes
                0x00000198       0x39 ./StdPeriph_Driver/src/stm32f4xx_gpio.o
 .ARM.attributes
                0x000001d1       0x39 ./StdPeriph_Driver/src/stm32f4xx_i2c.o
 .ARM.attributes
                0x0000020a       0x39 ./StdPeriph_Driver/src/stm32f4xx_rcc.o
 .ARM.attributes
                0x00000243       0x39 ./StdPeriph_Driver/src/stm32f4xx_syscfg.o
 .ARM.attributes
                0x0000027c       0x39 ./STM32F429I-Discovery/stm32f429i_discovery_i2c_ee.o
 .ARM.attributes
                0x000002b5       0x39 ./FreeRTOS/portable/MemMang/heap_2.o
 .ARM.attributes
                0x000002ee       0x39 ./FreeRTOS/portable/GCC/ARM_CM4F/port.o
 .ARM.attributes
                0x00000327       0x39 ./FreeRTOS/list.o
 .ARM.attributes
                0x00000360       0x39 ./FreeRTOS/queue.o
 .ARM.attributes
                0x00000399       0x39 ./FreeRTOS/tasks.o
 .ARM.attributes
                0x000003d2       0x39 ./FreeRTOS/timers.o
 .ARM.attributes
                0x0000040b       0x34 c:/stm32/gnu tools arm embedded/5.4 2016q3/bin/../lib/gcc/arm-none-eabi/5.4.1/../../../../arm-none-eabi/lib/armv7e-m/fpu\libc.a(lib_a-impure.o)
 .ARM.attributes
                0x0000043f       0x20 c:/stm32/gnu tools arm embedded/5.4 2016q3/bin/../lib/gcc/arm-none-eabi/5.4.1/../../../../arm-none-eabi/lib/armv7e-m/fpu\libc.a(lib_a-memcpy.o)
 .ARM.attributes
                0x0000045f       0x34 c:/stm32/gnu tools arm embedded/5.4 2016q3/bin/../lib/gcc/arm-none-eabi/5.4.1/../../../../arm-none-eabi/lib/armv7e-m/fpu\libc.a(lib_a-memset.o)
 .ARM.attributes
                0x00000493       0x34 c:/stm32/gnu tools arm embedded/5.4 2016q3/bin/../lib/gcc/arm-none-eabi/5.4.1/../../../../arm-none-eabi/lib/armv7e-m/fpu\libc.a(lib_a-__call_atexit.o)
 .ARM.attributes
                0x000004c7       0x34 c:/stm32/gnu tools arm embedded/5.4 2016q3/bin/../lib/gcc/arm-none-eabi/5.4.1/../../../../arm-none-eabi/lib/armv7e-m/fpu\libc.a(lib_a-atexit.o)
 .ARM.attributes
                0x000004fb       0x34 c:/stm32/gnu tools arm embedded/5.4 2016q3/bin/../lib/gcc/arm-none-eabi/5.4.1/../../../../arm-none-eabi/lib/armv7e-m/fpu\libc.a(lib_a-fini.o)
 .ARM.attributes
                0x0000052f       0x34 c:/stm32/gnu tools arm embedded/5.4 2016q3/bin/../lib/gcc/arm-none-eabi/5.4.1/../../../../arm-none-eabi/lib/armv7e-m/fpu\libc.a(lib_a-__atexit.o)
 .ARM.attributes
                0x00000563       0x22 c:/stm32/gnu tools arm embedded/5.4 2016q3/bin/../lib/gcc/arm-none-eabi/5.4.1/armv7e-m/fpu/crtn.o
OUTPUT(STM32F429_FreeRTOS.elf elf32-littlearm)

.debug_info     0x00000000     0x8f05
 .debug_info    0x00000000      0x88b ./src/main.o
 .debug_info    0x0000088b      0x60d ./src/system_stm32f4xx.o
 .debug_info    0x00000e98      0x55a ./StdPeriph_Driver/src/misc.o
 .debug_info    0x000013f2      0x745 ./StdPeriph_Driver/src/stm32f4xx_dma.o
 .debug_info    0x00001b37      0x34c ./StdPeriph_Driver/src/stm32f4xx_exti.o
 .debug_info    0x00001e83      0x621 ./StdPeriph_Driver/src/stm32f4xx_gpio.o
 .debug_info    0x000024a4      0xb97 ./StdPeriph_Driver/src/stm32f4xx_i2c.o
 .debug_info    0x0000303b      0xe6b ./StdPeriph_Driver/src/stm32f4xx_rcc.o
 .debug_info    0x00003ea6      0x29c ./StdPeriph_Driver/src/stm32f4xx_syscfg.o
 .debug_info    0x00004142      0x518 ./STM32F429I-Discovery/stm32f429i_discovery_i2c_ee.o
 .debug_info    0x0000465a      0x30c ./FreeRTOS/portable/MemMang/heap_2.o
 .debug_info    0x00004966      0x536 ./FreeRTOS/portable/GCC/ARM_CM4F/port.o
 .debug_info    0x00004e9c      0x2cf ./FreeRTOS/list.o
 .debug_info    0x0000516b     0x142d ./FreeRTOS/queue.o
 .debug_info    0x00006598     0x1de0 ./FreeRTOS/tasks.o
 .debug_info    0x00008378      0xb8d ./FreeRTOS/timers.o

.debug_abbrev   0x00000000     0x1a8f
 .debug_abbrev  0x00000000      0x227 ./src/main.o
 .debug_abbrev  0x00000227      0x13a ./src/system_stm32f4xx.o
 .debug_abbrev  0x00000361      0x149 ./StdPeriph_Driver/src/misc.o
 .debug_abbrev  0x000004aa      0x159 ./StdPeriph_Driver/src/stm32f4xx_dma.o
 .debug_abbrev  0x00000603      0x1ab ./StdPeriph_Driver/src/stm32f4xx_exti.o
 .debug_abbrev  0x000007ae      0x1a9 ./StdPeriph_Driver/src/stm32f4xx_gpio.o
 .debug_abbrev  0x00000957      0x168 ./StdPeriph_Driver/src/stm32f4xx_i2c.o
 .debug_abbrev  0x00000abf      0x1be ./StdPeriph_Driver/src/stm32f4xx_rcc.o
 .debug_abbrev  0x00000c7d      0x135 ./StdPeriph_Driver/src/stm32f4xx_syscfg.o
 .debug_abbrev  0x00000db2      0x1d0 ./STM32F429I-Discovery/stm32f429i_discovery_i2c_ee.o
 .debug_abbrev  0x00000f82      0x16a ./FreeRTOS/portable/MemMang/heap_2.o
 .debug_abbrev  0x000010ec      0x1dd ./FreeRTOS/portable/GCC/ARM_CM4F/port.o
 .debug_abbrev  0x000012c9       0xd8 ./FreeRTOS/list.o
 .debug_abbrev  0x000013a1      0x235 ./FreeRTOS/queue.o
 .debug_abbrev  0x000015d6      0x2cb ./FreeRTOS/tasks.o
 .debug_abbrev  0x000018a1      0x1ee ./FreeRTOS/timers.o

.debug_aranges  0x00000000      0xad0
 .debug_aranges
                0x00000000       0x88 ./src/main.o
 .debug_aranges
                0x00000088       0x30 ./src/system_stm32f4xx.o
 .debug_aranges
                0x000000b8       0x40 ./StdPeriph_Driver/src/misc.o
 .debug_aranges
                0x000000f8       0xb0 ./StdPeriph_Driver/src/stm32f4xx_dma.o
 .debug_aranges
                0x000001a8       0x58 ./StdPeriph_Driver/src/stm32f4xx_exti.o
 .debug_aranges
                0x00000200       0x88 ./StdPeriph_Driver/src/stm32f4xx_gpio.o
 .debug_aranges
                0x00000288      0x130 ./StdPeriph_Driver/src/stm32f4xx_i2c.o
 .debug_aranges
                0x000003b8      0x1c0 ./StdPeriph_Driver/src/stm32f4xx_rcc.o
 .debug_aranges
                0x00000578       0x50 ./StdPeriph_Driver/src/stm32f4xx_syscfg.o
 .debug_aranges
                0x000005c8       0x60 ./STM32F429I-Discovery/stm32f429i_discovery_i2c_ee.o
 .debug_aranges
                0x00000628       0x40 ./FreeRTOS/portable/MemMang/heap_2.o
 .debug_aranges
                0x00000668       0x80 ./FreeRTOS/portable/GCC/ARM_CM4F/port.o
 .debug_aranges
                0x000006e8       0x40 ./FreeRTOS/list.o
 .debug_aranges
                0x00000728      0x118 ./FreeRTOS/queue.o
 .debug_aranges
                0x00000840      0x1d8 ./FreeRTOS/tasks.o
 .debug_aranges
                0x00000a18       0xb8 ./FreeRTOS/timers.o

.debug_ranges   0x00000000      0x9d0
 .debug_ranges  0x00000000       0x78 ./src/main.o
 .debug_ranges  0x00000078       0x20 ./src/system_stm32f4xx.o
 .debug_ranges  0x00000098       0x30 ./StdPeriph_Driver/src/misc.o
 .debug_ranges  0x000000c8       0xa0 ./StdPeriph_Driver/src/stm32f4xx_dma.o
 .debug_ranges  0x00000168       0x48 ./StdPeriph_Driver/src/stm32f4xx_exti.o
 .debug_ranges  0x000001b0       0x78 ./StdPeriph_Driver/src/stm32f4xx_gpio.o
 .debug_ranges  0x00000228      0x120 ./StdPeriph_Driver/src/stm32f4xx_i2c.o
 .debug_ranges  0x00000348      0x1b0 ./StdPeriph_Driver/src/stm32f4xx_rcc.o
 .debug_ranges  0x000004f8       0x40 ./StdPeriph_Driver/src/stm32f4xx_syscfg.o
 .debug_ranges  0x00000538       0x50 ./STM32F429I-Discovery/stm32f429i_discovery_i2c_ee.o
 .debug_ranges  0x00000588       0x30 ./FreeRTOS/portable/MemMang/heap_2.o
 .debug_ranges  0x000005b8       0x70 ./FreeRTOS/portable/GCC/ARM_CM4F/port.o
 .debug_ranges  0x00000628       0x30 ./FreeRTOS/list.o
 .debug_ranges  0x00000658      0x108 ./FreeRTOS/queue.o
 .debug_ranges  0x00000760      0x1c8 ./FreeRTOS/tasks.o
 .debug_ranges  0x00000928       0xa8 ./FreeRTOS/timers.o

.debug_line     0x00000000     0x51bf
 .debug_line    0x00000000      0x4ea ./src/main.o
 .debug_line    0x000004ea      0x25f ./src/system_stm32f4xx.o
 .debug_line    0x00000749      0x2a0 ./StdPeriph_Driver/src/misc.o
 .debug_line    0x000009e9      0x48c ./StdPeriph_Driver/src/stm32f4xx_dma.o
 .debug_line    0x00000e75      0x2fa ./StdPeriph_Driver/src/stm32f4xx_exti.o
 .debug_line    0x0000116f      0x3d2 ./StdPeriph_Driver/src/stm32f4xx_gpio.o
 .debug_line    0x00001541      0x578 ./StdPeriph_Driver/src/stm32f4xx_i2c.o
 .debug_line    0x00001ab9      0x6c5 ./StdPeriph_Driver/src/stm32f4xx_rcc.o
 .debug_line    0x0000217e      0x255 ./StdPeriph_Driver/src/stm32f4xx_syscfg.o
 .debug_line    0x000023d3      0x49b ./STM32F429I-Discovery/stm32f429i_discovery_i2c_ee.o
 .debug_line    0x0000286e      0x2f0 ./FreeRTOS/portable/MemMang/heap_2.o
 .debug_line    0x00002b5e      0x4bd ./FreeRTOS/portable/GCC/ARM_CM4F/port.o
 .debug_line    0x0000301b      0x2b7 ./FreeRTOS/list.o
 .debug_line    0x000032d2      0xa88 ./FreeRTOS/queue.o
 .debug_line    0x00003d5a      0xebe ./FreeRTOS/tasks.o
 .debug_line    0x00004c18      0x5a7 ./FreeRTOS/timers.o

.debug_str      0x00000000     0x3c60
 .debug_str     0x00000000      0xb80 ./src/main.o
                                0xc1e (size before relaxing)
 .debug_str     0x00000b80      0x22a ./src/system_stm32f4xx.o
                                0x445 (size before relaxing)
 .debug_str     0x00000daa      0x149 ./StdPeriph_Driver/src/misc.o
                                0x448 (size before relaxing)
 .debug_str     0x00000ef3      0x387 ./StdPeriph_Driver/src/stm32f4xx_dma.o
                                0x5bc (size before relaxing)
 .debug_str     0x0000127a       0xdf ./StdPeriph_Driver/src/stm32f4xx_exti.o
                                0x3c6 (size before relaxing)
 .debug_str     0x00001359      0x17c ./StdPeriph_Driver/src/stm32f4xx_gpio.o
                                0x51a (size before relaxing)
 .debug_str     0x000014d5      0x475 ./StdPeriph_Driver/src/stm32f4xx_i2c.o
                                0x72c (size before relaxing)
 .debug_str     0x0000194a      0x631 ./StdPeriph_Driver/src/stm32f4xx_rcc.o
                                0xa44 (size before relaxing)
 .debug_str     0x00001f7b      0x15c ./StdPeriph_Driver/src/stm32f4xx_syscfg.o
                                0x388 (size before relaxing)
 .debug_str     0x000020d7      0x19a ./STM32F429I-Discovery/stm32f429i_discovery_i2c_ee.o
                                0x4be (size before relaxing)
 .debug_str     0x00002271      0x16c ./FreeRTOS/portable/MemMang/heap_2.o
                                0x385 (size before relaxing)
 .debug_str     0x000023dd      0x230 ./FreeRTOS/portable/GCC/ARM_CM4F/port.o
                                0x488 (size before relaxing)
 .debug_str     0x0000260d      0x125 ./FreeRTOS/list.o
                                0x33a (size before relaxing)
 .debug_str     0x00002732      0x593 ./FreeRTOS/queue.o
                                0x8cd (size before relaxing)
 .debug_str     0x00002cc5      0xb78 ./FreeRTOS/tasks.o
                                0xfd1 (size before relaxing)
 .debug_str     0x0000383d      0x423 ./FreeRTOS/timers.o
                                0x786 (size before relaxing)

.comment        0x00000000       0x6e
 .comment       0x00000000       0x6e ./src/main.o
                                 0x6f (size before relaxing)
 .comment       0x0000006e       0x6f ./src/system_stm32f4xx.o
 .comment       0x0000006e       0x6f ./StdPeriph_Driver/src/misc.o
 .comment       0x0000006e       0x6f ./StdPeriph_Driver/src/stm32f4xx_dma.o
 .comment       0x0000006e       0x6f ./StdPeriph_Driver/src/stm32f4xx_exti.o
 .comment       0x0000006e       0x6f ./StdPeriph_Driver/src/stm32f4xx_gpio.o
 .comment       0x0000006e       0x6f ./StdPeriph_Driver/src/stm32f4xx_i2c.o
 .comment       0x0000006e       0x6f ./StdPeriph_Driver/src/stm32f4xx_rcc.o
 .comment       0x0000006e       0x6f ./StdPeriph_Driver/src/stm32f4xx_syscfg.o
 .comment       0x0000006e       0x6f ./STM32F429I-Discovery/stm32f429i_discovery_i2c_ee.o
 .comment       0x0000006e       0x6f ./FreeRTOS/portable/MemMang/heap_2.o
 .comment       0x0000006e       0x6f ./FreeRTOS/portable/GCC/ARM_CM4F/port.o
 .comment       0x0000006e       0x6f ./FreeRTOS/list.o
 .comment       0x0000006e       0x6f ./FreeRTOS/queue.o
 .comment       0x0000006e       0x6f ./FreeRTOS/tasks.o
 .comment       0x0000006e       0x6f ./FreeRTOS/timers.o

.debug_frame    0x00000000     0x2dac
 .debug_frame   0x00000000      0x1c0 ./src/main.o
 .debug_frame   0x000001c0       0x7c ./src/system_stm32f4xx.o
 .debug_frame   0x0000023c       0xd8 ./StdPeriph_Driver/src/misc.o
 .debug_frame   0x00000314      0x308 ./StdPeriph_Driver/src/stm32f4xx_dma.o
 .debug_frame   0x0000061c      0x148 ./StdPeriph_Driver/src/stm32f4xx_exti.o
 .debug_frame   0x00000764      0x23c ./StdPeriph_Driver/src/stm32f4xx_gpio.o
 .debug_frame   0x000009a0      0x580 ./StdPeriph_Driver/src/stm32f4xx_i2c.o
 .debug_frame   0x00000f20      0x83c ./StdPeriph_Driver/src/stm32f4xx_rcc.o
 .debug_frame   0x0000175c      0x11c ./StdPeriph_Driver/src/stm32f4xx_syscfg.o
 .debug_frame   0x00001878      0x138 ./STM32F429I-Discovery/stm32f429i_discovery_i2c_ee.o
 .debug_frame   0x000019b0       0xc0 ./FreeRTOS/portable/MemMang/heap_2.o
 .debug_frame   0x00001a70      0x19c ./FreeRTOS/portable/GCC/ARM_CM4F/port.o
 .debug_frame   0x00001c0c       0xd8 ./FreeRTOS/list.o
 .debug_frame   0x00001ce4      0x4c0 ./FreeRTOS/queue.o
 .debug_frame   0x000021a4      0x80c ./FreeRTOS/tasks.o
 .debug_frame   0x000029b0      0x2f0 ./FreeRTOS/timers.o
 .debug_frame   0x00002ca0       0x34 c:/stm32/gnu tools arm embedded/5.4 2016q3/bin/../lib/gcc/arm-none-eabi/5.4.1/../../../../arm-none-eabi/lib/armv7e-m/fpu\libc.a(lib_a-memset.o)
 .debug_frame   0x00002cd4       0x50 c:/stm32/gnu tools arm embedded/5.4 2016q3/bin/../lib/gcc/arm-none-eabi/5.4.1/../../../../arm-none-eabi/lib/armv7e-m/fpu\libc.a(lib_a-__call_atexit.o)
 .debug_frame   0x00002d24       0x20 c:/stm32/gnu tools arm embedded/5.4 2016q3/bin/../lib/gcc/arm-none-eabi/5.4.1/../../../../arm-none-eabi/lib/armv7e-m/fpu\libc.a(lib_a-atexit.o)
 .debug_frame   0x00002d44       0x34 c:/stm32/gnu tools arm embedded/5.4 2016q3/bin/../lib/gcc/arm-none-eabi/5.4.1/../../../../arm-none-eabi/lib/armv7e-m/fpu\libc.a(lib_a-fini.o)
 .debug_frame   0x00002d78       0x34 c:/stm32/gnu tools arm embedded/5.4 2016q3/bin/../lib/gcc/arm-none-eabi/5.4.1/../../../../arm-none-eabi/lib/armv7e-m/fpu\libc.a(lib_a-__atexit.o)
